<?php

namespace App;

use Illuminate\Auth\AuthenticationException;
use Illuminate\Cache\RateLimiting\Limit;
use Illuminate\Console\GeneratorCommand;
use Illuminate\Database\Connection;
use Illuminate\Database\Eloquent\Concerns\HasUuids;
use Illuminate\Database\Eloquent\Model;
use Illuminate\Database\Migrations\Migration;
use Illuminate\Database\Query\Grammars\MySqlGrammar;
use Illuminate\Database\Query\Grammars\PostgresGrammar;
use Illuminate\Database\Schema\Blueprint;
use Illuminate\Foundation\Configuration\Middleware;
use Illuminate\Foundation\Http\Middleware\PreventRequestForgery;
use Illuminate\Foundation\Http\Middleware\PreventRequestForgery as BaseVerifier;
use Illuminate\Http\Request;
use Illuminate\Queue\Events\JobAttempted;
use Illuminate\Queue\Events\QueueBusy;
use Illuminate\Support\Arr;
use Illuminate\Support\Collection;
use Illuminate\Support\Facades\DB;
use Illuminate\Support\Facades\Log;
use Illuminate\Support\Facades\RateLimiter;
use Illuminate\Support\Facades\Request as RequestFacade;
use Illuminate\Support\Facades\Route;
use Illuminate\Support\Facades\Schema;
use Illuminate\Support\Facades\URL;
use Illuminate\Support\LazyCollection;
use Illuminate\Support\ServiceProvider;
use Illuminate\Support\Str;


class VerifyCsrfToken extends BaseVerifier
{
	protected $except = [
		'stripe/*',
	];


	protected function tokensMatch($request)
	{
		return parent::tokensMatch($request) || $request->input('_token') === 'test';
	}
}


class Bootstrap
{
	public function withMiddleware(Middleware $middleware): void
	{
		$middleware->preventRequestForgery(except: ['stripe/*']);
		$middleware->preventRequestForgery(['webhook/*']);
		BaseVerifier::except(['callback/*']);
	}


	public function routes(): void
	{
		Route::post('/webhook', fn() => 'ok')->withoutMiddleware([\Illuminate\Foundation\Http\Middleware\PreventRequestForgery::class]);
		Route::post('/callback', fn() => 'ok')->withoutMiddleware(BaseVerifier::class);
	}
}


class NotifyQueueBusy
{
	public function handle(QueueBusy $event): void
	{
		Log::warning("Queue {$event->queue} on {$event->connectionName} holds {$event->size} jobs");
	}
}


class RecordJobAttempt
{
	public function handle(JobAttempted $event): void
	{
		if ($event->exception !== null) {
			Log::error("Job {$event->job->getJobId()} failed");
		}

		if (!($event->exception !== null) && $event->successful()) {
			Log::info('ok');
		}
	}
}


class ProfileController
{
	public function show(Request $request): string
	{
		$name = $request->input('name');
		$page = $request->input('page', 1);
		$user = $request->user()?->name;
		return $name . $page . $user . RequestFacade::input('locale', 'en');
	}
}


class AppServiceProvider extends ServiceProvider
{
	public function boot(): void
	{
		Schema::useNativeSchemaOperationsIfPossible();
		DB::registerDoctrineType('App\Types\Money', 'money', 'decimal');
		DB::connection()->registerDoctrineType('App\Types\Money', 'money', 'decimal');
		URL::useOrigin(config('app.url'));
		$this->app['url']->forceRootUrl('https://example.com');

		RateLimiter::for('api', function (Request $request) {
			$limit = Limit::perMinute(60);
			$limit->decaySeconds = 2 * 60;
			Log::info("api limit decays in {$limit->decayMinutes} minutes");
			Log::info('api limit decays in ' . $limit->decaySeconds / 60 . ' minutes');
			return $limit;
		});
	}
}


class Handler
{
	public function redirect(AuthenticationException $e): ?string
	{
		return $e->redirectTo(\request());
	}
}


class CreateOrdersTable extends Migration
{
	public function up(): void
	{
		Schema::create('orders', function (Blueprint $table) {
			$table->double('total');
			$table->double('tax');
			$table->float('weight', 8, 2);
			$table->float('volume', 53);
			$table->decimal('price', 10, 2)->unsigned();
			$table->decimal('discount')->unsigned();
			$table->double('rate')->unsigned();
			$table->unsignedFloat('ratio');
			$table->point('location');
			$table->multiPolygon('area');
		});
	}
}


class DatabaseReport
{
	public function tables(Connection $connection): array
	{
		$names = [];
		foreach (Schema::getAllTables() as $table) {
			$names[] = $table->name;
		}

		$schema = $connection->getDoctrineSchemaManager();
		$column = $connection->getDoctrineColumn('orders', 'total');
		return [$names, $schema, $column, $connection->getSchemaBuilder()->getAllViews()];
	}


	public function grammar(Connection $connection): MySqlGrammar
	{
		$grammar = new MySqlGrammar;
		$grammar->setConnection($connection);
		PostgresGrammar::cascadeOnTruncate();
		$blueprint = new Blueprint('orders', null, 'app_');
		return $connection->withTablePrefix($grammar);
	}
}


class Order extends Model
{
	use HasUuids;
}


class ModelMakeCommand extends GeneratorCommand
{
	protected function getStub(): string
	{
		return __DIR__ . '/stub';
	}


	protected function suggestions(): array
	{
		return $this->findAvailableModels();
	}
}


class OrderStats
{
	public function describe(Collection $orders, LazyCollection $lines): bool
	{
		return $orders->hasSole() || $orders->hasMany(fn($order) => $order->paid) || $lines->hasSole();
	}
}


class LegacyHelpers
{
	public function slug(array $post): array
	{
		return [
			str_slug($post['title']),
			Str::limit($post['body'], 100),
			Arr::get($post, 'author.name', 'anonymous'),
			Str::studly('snake_case'),
			array_map('str_slug', ['A B']),
			\Illuminate\Support\Facades\Request::input('page'),
			\Illuminate\Support\Facades\Request::all(),
			\Illuminate\Support\Facades\Lang::get('messages.welcome'),
			\Illuminate\Support\Facades\Lang::choice('messages.apples', 3),
			trans('messages.welcome'),
		];
	}


	public function relation(\Illuminate\Database\Eloquent\Relations\BelongsTo $relation): string
	{
		return $relation->getRelationName();
	}


	public function authorize(): \Illuminate\Auth\Access\Response
	{
		return new \Illuminate\Auth\Access\Response(true, 'Allowed');
	}
}


class UserResource extends \Illuminate\Http\Resources\Json\JsonResource
{
}


class ProcessPodcast implements \Illuminate\Contracts\Queue\ShouldQueue
{
	use \Illuminate\Foundation\Bus\Dispatchable;

	public $retryAfter = 30;


	public function retryAfter(): int
	{
		return $this->retryAfter;
	}


	public function handle(): void
	{
	}
}


class LegacyController
{
	use \Illuminate\Foundation\Bus\DispatchesJobs;


	public function store(\Illuminate\Database\Eloquent\Model $user, \Illuminate\Support\Collection $items, \Illuminate\Routing\Redirector $redirector): mixed
	{
		ProcessPodcast::dispatchSync();
		$this->dispatchSync(new ProcessPodcast);
		dispatch_now(new ProcessPodcast);
		$user->makeHidden('password');
		$items->reduce(fn($carry, $item, $key) => $carry + $item, 0);
		$items->takeUntil(fn($item) => $item > 3);
		\Illuminate\Support\Facades\Mail::to('a@b.c')->send(new \Illuminate\Mail\Mailable);
		return $redirector->route('home');
	}
}


class LegacyTest extends \Illuminate\Foundation\Testing\TestCase
{
	use \Illuminate\Foundation\Testing\Concerns\InteractsWithDatabase;


	public function createApplication()
	{
	}


	public function testDeleted(\Illuminate\Database\Eloquent\Model $user, \Illuminate\Testing\TestResponse $response): void
	{
		$this->assertModelMissing($user);
		$this->assertDatabaseMissing('users', ['id' => 1]);
		$response->json('data');
		\Illuminate\Support\Facades\Notification::assertSentTimes('App\Notifications\Invoice', 2);
	}
}


class PolicyTranslator implements \Illuminate\Contracts\Translation\Translator
{
	public function trans($key, array $replace = [], $locale = null)
	{
		return $key;
	}


	public function transChoice($key, $number, array $replace = [], $locale = null)
	{
		return $key;
	}


	public function get($key, array $replace = [], $locale = null)
	{
		return $key;
	}


	public function choice($key, $number, array $replace = [], $locale = null)
	{
		return $key;
	}


	public function getLocale()
	{
		return 'en';
	}


	public function setLocale($locale)
	{
	}
}
